09:23:07 **** Incremental Build of configuration Debug for project Question2 ****
make -j4 all 
arm-none-eabi-gcc "../Core/Src/main.c" -mcpu=cortex-m4 -std=gnu11 -g3 -DDEBUG -DUSE_HAL_DRIVER -DSTM32F407xx -c -I../Core/Inc -I../Drivers/STM32F4xx_HAL_Driver/Inc -I../Drivers/STM32F4xx_HAL_Driver/Inc/Legacy -I../Drivers/CMSIS/Device/ST/STM32F4xx/Include -I../Drivers/CMSIS/Include -O0 -ffunction-sections -fdata-sections -Wall -fstack-usage -fcyclomatic-complexity -MMD -MP -MF"Core/Src/main.d" -MT"Core/Src/main.o" --specs=nano.specs -mfpu=fpv4-sp-d16 -mfloat-abi=hard -mthumb -o "Core/Src/main.o"
arm-none-eabi-gcc -o "Question2.elf" @"objects.list"   -mcpu=cortex-m4 -T"C:\InternshipGIT\ARM_94151_Manasi\Day8\Question2\STM32F407VGTX_FLASH.ld" --specs=nosys.specs -Wl,-Map="Question2.map" -Wl,--gc-sections -static --specs=nano.specs -mfpu=fpv4-sp-d16 -mfloat-abi=hard -mthumb -Wl,--start-group -lc -lm -Wl,--end-group
Finished building target: Question2.elf
 
arm-none-eabi-size  Question2.elf 
arm-none-eabi-objdump -h -S Question2.elf  > "Question2.list"
   text	   data	    bss	    dec	    hex	filename
  11516	     12	   1748	  13276	   33dc	Question2.elf
Finished building: default.size.stdout
 
Finished building: Question2.list
 
09:23:12 **** Incremental Build of configuration Debug for project Question2 ****
make -j4 all 
arm-none-eabi-size  Question2.elf 
   text	   data	    bss	    dec	    hex	filename
  11516	     12	   1748	  13276	   33dc	Question2.elf
Finished building: default.size.stdout
 
09:23:26 **** Incremental Build of configuration Debug for project Question2 ****
make -j4 all 
arm-none-eabi-size  Question2.elf 
   text	   data	    bss	    dec	    hex	filename
  11516	     12	   1748	  13276	   33dc	Question2.elf
Finished building: default.size.stdout
 
