16:03:54 **** Incremental Build of configuration Debug for project Right_to_left_blink ****
make -j4 all 
arm-none-eabi-gcc "../Src/main.c" -mcpu=cortex-m4 -std=gnu11 -g3 -DDEBUG -DSTM32 -DSTM32F407G_DISC1 -DSTM32F4 -DSTM32F407VGTx -c -I../Inc -O0 -ffunction-sections -fdata-sections -Wall -fstack-usage -fcyclomatic-complexity -MMD -MP -MF"Src/main.d" -MT"Src/main.o" --specs=nano.specs -mfpu=fpv4-sp-d16 -mfloat-abi=soft -mthumb -o "Src/main.o"
arm-none-eabi-gcc -o "Right_to_left_blink.elf" @"objects.list"   -mcpu=cortex-m4 -T"C:\InternshipSTMfolder\Right_to_left_blink\STM32F407VGTX_FLASH.ld" --specs=nosys.specs -Wl,-Map="Right_to_left_blink.map" -Wl,--gc-sections -static --specs=nano.specs -mfpu=fpv4-sp-d16 -mfloat-abi=soft -mthumb -Wl,--start-group -lc -lm -Wl,--end-group
Finished building target: Right_to_left_blink.elf
 
arm-none-eabi-size  Right_to_left_blink.elf 
arm-none-eabi-objdump -h -S Right_to_left_blink.elf  > "Right_to_left_blink.list"
   text	   data	    bss	    dec	    hex	filename
   1040	      4	   1564	   2608	    a30	Right_to_left_blink.elf
Finished building: default.size.stdout
 
Finished building: Right_to_left_blink.list
 
16:04:18 **** Incremental Build of configuration Debug for project Right_to_left_blink ****
make -j4 all 
arm-none-eabi-size  Right_to_left_blink.elf 
   text	   data	    bss	    dec	    hex	filename
   1040	      4	   1564	   2608	    a30	Right_to_left_blink.elf
Finished building: default.size.stdout
 
