09:51:12 **** Incremental Build of configuration Debug for project Toggle_leds.c ****
make -j4 all 
arm-none-eabi-gcc "../Src/main.c" -mcpu=cortex-m4 -std=gnu11 -g3 -DDEBUG -DSTM32 -DSTM32F407G_DISC1 -DSTM32F4 -DSTM32F407VGTx -c -I../Inc -O0 -ffunction-sections -fdata-sections -Wall -fstack-usage -fcyclomatic-complexity -MMD -MP -MF"Src/main.d" -MT"Src/main.o" --specs=nano.specs -mfpu=fpv4-sp-d16 -mfloat-abi=soft -mthumb -o "Src/main.o"
arm-none-eabi-gcc -o "Toggle_leds.c.elf" @"objects.list"   -mcpu=cortex-m4 -T"C:\InternshipSTMfolder\Toggle_leds.c\STM32F407VGTX_FLASH.ld" --specs=nosys.specs -Wl,-Map="Toggle_leds.c.map" -Wl,--gc-sections -static --specs=nano.specs -mfpu=fpv4-sp-d16 -mfloat-abi=soft -mthumb -Wl,--start-group -lc -lm -Wl,--end-group
Finished building target: Toggle_leds.c.elf
 
arm-none-eabi-size  Toggle_leds.c.elf 
arm-none-eabi-objdump -h -S Toggle_leds.c.elf  > "Toggle_leds.c.list"
   text	   data	    bss	    dec	    hex	filename
    984	      4	   1564	   2552	    9f8	Toggle_leds.c.elf
Finished building: default.size.stdout
 
Finished building: Toggle_leds.c.list
 
09:51:50 **** Incremental Build of configuration Debug for project Toggle_leds.c ****
make -j4 all 
arm-none-eabi-size  Toggle_leds.c.elf 
   text	   data	    bss	    dec	    hex	filename
    984	      4	   1564	   2552	    9f8	Toggle_leds.c.elf
Finished building: default.size.stdout
 
