13:28:48 **** Incremental Build of configuration Debug for project Question02 ****
make -j4 all 
arm-none-eabi-gcc "../Src/main.c" -mcpu=cortex-m4 -std=gnu11 -g3 -DDEBUG -DSTM32 -DSTM32F407G_DISC1 -DSTM32F4 -DSTM32F407VGTx -c -I../Inc -O0 -ffunction-sections -fdata-sections -Wall -fstack-usage -fcyclomatic-complexity -MMD -MP -MF"Src/main.d" -MT"Src/main.o" --specs=nano.specs -mfpu=fpv4-sp-d16 -mfloat-abi=soft -mthumb -o "Src/main.o"
arm-none-eabi-gcc -o "Question02.elf" @"objects.list"   -mcpu=cortex-m4 -T"C:\InternshipGIT\ARM_94151_Manasi\InternshipSTMfolder\Assignment5\Question02\STM32F407VGTX_FLASH.ld" --specs=nosys.specs -Wl,-Map="Question02.map" -Wl,--gc-sections -static --specs=nano.specs -mfpu=fpv4-sp-d16 -mfloat-abi=soft -mthumb -Wl,--start-group -lc -lm -Wl,--end-group
Finished building target: Question02.elf
 
arm-none-eabi-size  Question02.elf 
arm-none-eabi-objdump -h -S Question02.elf  > "Question02.list"
   text	   data	    bss	    dec	    hex	filename
   1292	      4	   1572	   2868	    b34	Question02.elf
Finished building: default.size.stdout
 
Finished building: Question02.list
 

13:28:49 Build Finished. 0 errors, 0 warnings. (took 1s.182ms)

