08:56:32 **** Incremental Build of configuration Debug for project Question03 ****
make -j4 all 
arm-none-eabi-gcc "../Src/main.c" -mcpu=cortex-m4 -std=gnu11 -g3 -DDEBUG -DSTM32 -DSTM32F407G_DISC1 -DSTM32F4 -DSTM32F407VGTx -c -I../Inc -O0 -ffunction-sections -fdata-sections -Wall -fstack-usage -fcyclomatic-complexity -MMD -MP -MF"Src/main.d" -MT"Src/main.o" --specs=nano.specs -mfpu=fpv4-sp-d16 -mfloat-abi=soft -mthumb -o "Src/main.o"
arm-none-eabi-gcc -o "Question03.elf" @"objects.list"   -mcpu=cortex-m4 -T"C:\InternshipGIT\ARM_94151_Manasi\InternshipSTMfolder\Assignment5\Question03\STM32F407VGTX_FLASH.ld" --specs=nosys.specs -Wl,-Map="Question03.map" -Wl,--gc-sections -static --specs=nano.specs -mfpu=fpv4-sp-d16 -mfloat-abi=soft -mthumb -Wl,--start-group -lc -lm -Wl,--end-group
Finished building target: Question03.elf
 
arm-none-eabi-size  Question03.elf 
arm-none-eabi-objdump -h -S Question03.elf  > "Question03.list"
   text	   data	    bss	    dec	    hex	filename
   1332	      4	   1572	   2908	    b5c	Question03.elf
Finished building: default.size.stdout
 
Finished building: Question03.list
 
08:56:36 **** Incremental Build of configuration Debug for project Question03 ****
make -j4 all 
arm-none-eabi-size  Question03.elf 
   text	   data	    bss	    dec	    hex	filename
   1332	      4	   1572	   2908	    b5c	Question03.elf
Finished building: default.size.stdout
 
