15:17:13 **** Incremental Build of configuration Debug for project DHT11_MQ2_LCD_I2C ****
make -j4 all 
arm-none-eabi-gcc "../Core/Src/main.c" -mcpu=cortex-m4 -std=gnu11 -g3 -DDEBUG -DUSE_HAL_DRIVER -DSTM32F407xx -c -I../Core/Inc -I../Drivers/STM32F4xx_HAL_Driver/Inc -I../Drivers/STM32F4xx_HAL_Driver/Inc/Legacy -I../Drivers/CMSIS/Device/ST/STM32F4xx/Include -I../Drivers/CMSIS/Include -O0 -ffunction-sections -fdata-sections -Wall -fstack-usage -fcyclomatic-complexity -MMD -MP -MF"Core/Src/main.d" -MT"Core/Src/main.o" --specs=nano.specs -mfpu=fpv4-sp-d16 -mfloat-abi=hard -mthumb -o "Core/Src/main.o"
arm-none-eabi-gcc -o "DHT11_MQ2_LCD_I2C.elf" @"objects.list"   -mcpu=cortex-m4 -T"C:\InternshipGIT\ARM_94151_Manasi\Smart_Env_Monitor\DHT11_MQ2_LCD_I2C\STM32F407VGTX_FLASH.ld" --specs=nosys.specs -Wl,-Map="DHT11_MQ2_LCD_I2C.map" -Wl,--gc-sections -static --specs=nano.specs -mfpu=fpv4-sp-d16 -mfloat-abi=hard -mthumb -Wl,--start-group -lc -lm -Wl,--end-group
Finished building target: DHT11_MQ2_LCD_I2C.elf
 
arm-none-eabi-size  DHT11_MQ2_LCD_I2C.elf 
arm-none-eabi-objdump -h -S DHT11_MQ2_LCD_I2C.elf  > "DHT11_MQ2_LCD_I2C.list"
   text	   data	    bss	    dec	    hex	filename
  25112	     92	   2140	  27344	   6ad0	DHT11_MQ2_LCD_I2C.elf
Finished building: default.size.stdout
 
Finished building: DHT11_MQ2_LCD_I2C.list
 

15:17:16 Build Finished. 0 errors, 0 warnings. (took 3s.44ms)

