09:09:30 **** Incremental Build of configuration Debug for project Final_Project ****
make -j4 all 
arm-none-eabi-gcc "../Core/Src/main.c" -mcpu=cortex-m4 -std=gnu11 -g3 -DDEBUG -DUSE_HAL_DRIVER -DSTM32F407xx -c -I../Core/Inc -I../Drivers/STM32F4xx_HAL_Driver/Inc -I../Drivers/STM32F4xx_HAL_Driver/Inc/Legacy -I../Drivers/CMSIS/Device/ST/STM32F4xx/Include -I../Drivers/CMSIS/Include -O0 -ffunction-sections -fdata-sections -Wall -fstack-usage -fcyclomatic-complexity -MMD -MP -MF"Core/Src/main.d" -MT"Core/Src/main.o" --specs=nano.specs -mfpu=fpv4-sp-d16 -mfloat-abi=hard -mthumb -o "Core/Src/main.o"
arm-none-eabi-gcc -o "Final_Project.elf" @"objects.list"   -mcpu=cortex-m4 -T"C:\InternshipGIT\ARM_94151_Manasi\Smart_Env_Monitor\Final_Project\STM32F407VGTX_FLASH.ld" --specs=nosys.specs -Wl,-Map="Final_Project.map" -Wl,--gc-sections -static --specs=nano.specs -mfpu=fpv4-sp-d16 -mfloat-abi=hard -mthumb -Wl,--start-group -lc -lm -Wl,--end-group
Finished building target: Final_Project.elf
 
arm-none-eabi-size  Final_Project.elf 
arm-none-eabi-objdump -h -S Final_Project.elf  > "Final_Project.list"
   text	   data	    bss	    dec	    hex	filename
  22808	     92	   2068	  24968	   6188	Final_Project.elf
Finished building: default.size.stdout
 
Finished building: Final_Project.list
 
09:09:37 **** Incremental Build of configuration Debug for project Final_Project ****
make -j4 all 
arm-none-eabi-size  Final_Project.elf 
   text	   data	    bss	    dec	    hex	filename
  22808	     92	   2068	  24968	   6188	Final_Project.elf
Finished building: default.size.stdout
 
