10:26:29 **** Incremental Build of configuration Debug for project LM35_Classwork ****
make -j4 all 
arm-none-eabi-gcc "../Core/Src/main.c" -mcpu=cortex-m4 -std=gnu11 -g3 -DDEBUG -DUSE_HAL_DRIVER -DSTM32F407xx -c -I../Core/Inc -I../Drivers/STM32F4xx_HAL_Driver/Inc -I../Drivers/STM32F4xx_HAL_Driver/Inc/Legacy -I../Drivers/CMSIS/Device/ST/STM32F4xx/Include -I../Drivers/CMSIS/Include -O0 -ffunction-sections -fdata-sections -Wall -fstack-usage -fcyclomatic-complexity -MMD -MP -MF"Core/Src/main.d" -MT"Core/Src/main.o" --specs=nano.specs -mfpu=fpv4-sp-d16 -mfloat-abi=hard -mthumb -o "Core/Src/main.o"
arm-none-eabi-gcc -o "LM35_Classwork.elf" @"objects.list"   -mcpu=cortex-m4 -T"C:\InternshipGIT\ARM_94151_Manasi\Day11\LM35_Classwork\STM32F407VGTX_FLASH.ld" --specs=nosys.specs -Wl,-Map="LM35_Classwork.map" -Wl,--gc-sections -static --specs=nano.specs -mfpu=fpv4-sp-d16 -mfloat-abi=hard -mthumb -Wl,--start-group -lc -lm -Wl,--end-group
Finished building target: LM35_Classwork.elf
 
arm-none-eabi-size  LM35_Classwork.elf 
arm-none-eabi-objdump -h -S LM35_Classwork.elf  > "LM35_Classwork.list"
   text	   data	    bss	    dec	    hex	filename
  25896	     92	   2140	  28128	   6de0	LM35_Classwork.elf
Finished building: default.size.stdout
 
Finished building: LM35_Classwork.list
 
10:26:33 **** Incremental Build of configuration Debug for project LM35_Classwork ****
make -j4 all 
arm-none-eabi-size  LM35_Classwork.elf 
   text	   data	    bss	    dec	    hex	filename
  25896	     92	   2140	  28128	   6de0	LM35_Classwork.elf
Finished building: default.size.stdout
 
10:28:53 **** Incremental Build of configuration Debug for project LM35_Classwork ****
make -j4 all 
arm-none-eabi-size  LM35_Classwork.elf 
   text	   data	    bss	    dec	    hex	filename
  25896	     92	   2140	  28128	   6de0	LM35_Classwork.elf
Finished building: default.size.stdout
 
