11:34:14 **** Incremental Build of configuration Debug for project Question01 ****
make -j4 all 
arm-none-eabi-gcc "../Src/main.c" -mcpu=cortex-m4 -std=gnu11 -g3 -DDEBUG -DSTM32 -DSTM32F407G_DISC1 -DSTM32F4 -DSTM32F407VGTx -c -I../Inc -O3 -ffunction-sections -fdata-sections -Wall -fstack-usage -fcyclomatic-complexity -MMD -MP -MF"Src/main.d" -MT"Src/main.o" --specs=nano.specs -mfpu=fpv4-sp-d16 -mfloat-abi=soft -mthumb -o "Src/main.o"
arm-none-eabi-gcc -o "Question01.elf" @"objects.list"   -mcpu=cortex-m4 -T"C:\InternshipGIT\ARM_94151_Manasi\InternshipSTMfolder\Assignment5\Question01\STM32F407VGTX_FLASH.ld" --specs=nosys.specs -Wl,-Map="Question01.map" -Wl,--gc-sections -static --specs=nano.specs -mfpu=fpv4-sp-d16 -mfloat-abi=soft -mthumb -Wl,--start-group -lc -lm -Wl,--end-group
Finished building target: Question01.elf
 
arm-none-eabi-size  Question01.elf 
arm-none-eabi-objdump -h -S Question01.elf  > "Question01.list"
   text	   data	    bss	    dec	    hex	filename
   1096	      4	   1564	   2664	    a68	Question01.elf
Finished building: default.size.stdout
 
Finished building: Question01.list
 
11:34:39 **** Incremental Build of configuration Debug for project Question01 ****
make -j4 all 
arm-none-eabi-size  Question01.elf 
   text	   data	    bss	    dec	    hex	filename
   1096	      4	   1564	   2664	    a68	Question01.elf
Finished building: default.size.stdout
 
