12:05:14 **** Incremental Build of configuration Debug for project Question03.c ****
make -j4 all 
arm-none-eabi-gcc "../Src/gpio.c" -mcpu=cortex-m4 -std=gnu11 -g3 -DDEBUG -DSTM32 -DSTM32F407G_DISC1 -DSTM32F4 -DSTM32F407VGTx -c -I../Inc -O0 -ffunction-sections -fdata-sections -Wall -fstack-usage -fcyclomatic-complexity -MMD -MP -MF"Src/gpio.d" -MT"Src/gpio.o" --specs=nano.specs -mfpu=fpv4-sp-d16 -mfloat-abi=soft -mthumb -o "Src/gpio.o"
arm-none-eabi-gcc -o "Question03.c.elf" @"objects.list"   -mcpu=cortex-m4 -T"C:\InternshipGIT\ARM_94151_Manasi\InternshipSTMfolder\Assignment3\Question03.c\STM32F407VGTX_FLASH.ld" --specs=nosys.specs -Wl,-Map="Question03.c.map" -Wl,--gc-sections -static --specs=nano.specs -mfpu=fpv4-sp-d16 -mfloat-abi=soft -mthumb -Wl,--start-group -lc -lm -Wl,--end-group
Finished building target: Question03.c.elf
 
arm-none-eabi-size  Question03.c.elf 
arm-none-eabi-objdump -h -S Question03.c.elf  > "Question03.c.list"
   text	   data	    bss	    dec	    hex	filename
   1200	      4	   1564	   2768	    ad0	Question03.c.elf
Finished building: default.size.stdout
 
Finished building: Question03.c.list
 
12:05:27 **** Incremental Build of configuration Debug for project Question03.c ****
make -j4 all 
arm-none-eabi-size  Question03.c.elf 
   text	   data	    bss	    dec	    hex	filename
   1200	      4	   1564	   2768	    ad0	Question03.c.elf
Finished building: default.size.stdout
 
