10:49:10 **** Incremental Build of configuration Debug for project HAL_UART_BUZZER ****
make -j4 all 
arm-none-eabi-gcc "../Core/Src/main.c" -mcpu=cortex-m4 -std=gnu11 -g3 -DDEBUG -DUSE_HAL_DRIVER -DSTM32F407xx -c -I../Core/Inc -I../Drivers/STM32F4xx_HAL_Driver/Inc -I../Drivers/STM32F4xx_HAL_Driver/Inc/Legacy -I../Drivers/CMSIS/Device/ST/STM32F4xx/Include -I../Drivers/CMSIS/Include -O0 -ffunction-sections -fdata-sections -Wall -fstack-usage -fcyclomatic-complexity -MMD -MP -MF"Core/Src/main.d" -MT"Core/Src/main.o" --specs=nano.specs -mfpu=fpv4-sp-d16 -mfloat-abi=hard -mthumb -o "Core/Src/main.o"
arm-none-eabi-gcc -o "HAL_UART_BUZZER.elf" @"objects.list"   -mcpu=cortex-m4 -T"C:\InternshipGIT\ARM_94151_Manasi\Day9\HAL_UART_BUZZER\STM32F407VGTX_FLASH.ld" --specs=nosys.specs -Wl,-Map="HAL_UART_BUZZER.map" -Wl,--gc-sections -static --specs=nano.specs -mfpu=fpv4-sp-d16 -mfloat-abi=hard -mthumb -Wl,--start-group -lc -lm -Wl,--end-group
Finished building target: HAL_UART_BUZZER.elf
 
arm-none-eabi-size  HAL_UART_BUZZER.elf 
arm-none-eabi-objdump -h -S HAL_UART_BUZZER.elf  > "HAL_UART_BUZZER.list"
   text	   data	    bss	    dec	    hex	filename
  11472	     12	   1748	  13232	   33b0	HAL_UART_BUZZER.elf
Finished building: default.size.stdout
 
Finished building: HAL_UART_BUZZER.list
 
10:51:20 **** Incremental Build of configuration Debug for project HAL_UART_BUZZER ****
make -j4 all 
arm-none-eabi-size  HAL_UART_BUZZER.elf 
   text	   data	    bss	    dec	    hex	filename
  11472	     12	   1748	  13232	   33b0	HAL_UART_BUZZER.elf
Finished building: default.size.stdout
 
